[jinjawithpharmmotunrayofilani.carrd.co/index.html]
[backblue.gif]
[fade.gif]
[index.html]
[jinjawithpharmmotunrayofilani.carrd.co/assets/images/card2096.jpg]
[jinjawithpharmmotunrayofilani.carrd.co/assets/images/image012096.jpg]
[jinjawithpharmmotunrayofilani.carrd.co/assets/images/image232096.jpg]
[jinjawithpharmmotunrayofilani.carrd.co/assets/images/image052096.jpg]
[jinjawithpharmmotunrayofilani.carrd.co/assets/images/image062096.jpg]
[jinjawithpharmmotunrayofilani.carrd.co/assets/images/image072096.jpg]
[jinjawithpharmmotunrayofilani.carrd.co/assets/images/image082096.jpg]
[jinjawithpharmmotunrayofilani.carrd.co/assets/images/image092096.jpg]
[jinjawithpharmmotunrayofilani.carrd.co/assets/images/image112096.jpg]
[jinjawithpharmmotunrayofilani.carrd.co/assets/images/image022096.jpg]
[jinjawithpharmmotunrayofilani.carrd.co/assets/images/image142096.jpg]
[jinjawithpharmmotunrayofilani.carrd.co/assets/images/image202096.jpg]
[jinjawithpharmmotunrayofilani.carrd.co/assets/images/image212096.jpg]
[jinjawithpharmmotunrayofilani.carrd.co/assets/images/image042096.jpg]
[jinjawithpharmmotunrayofilani.carrd.co/assets/images/gallery01/0e009a192096.jpg]
[jinjawithpharmmotunrayofilani.carrd.co/assets/images/gallery01/96cb517a2096.jpg]
[jinjawithpharmmotunrayofilani.carrd.co/assets/images/gallery01/8d9a8dcd2096.jpg]
[jinjawithpharmmotunrayofilani.carrd.co/assets/images/image242096.jpg]
[jinjawithpharmmotunrayofilani.carrd.co/assets/images/gallery02/906328342096.jpg]
[jinjawithpharmmotunrayofilani.carrd.co/assets/images/gallery02/ab9f7a582096.jpg]
[jinjawithpharmmotunrayofilani.carrd.co/assets/images/gallery02/f23ddf492096.jpg]
[jinjawithpharmmotunrayofilani.carrd.co/assets/images/gallery02/ab58d6dc2096.jpg]
[jinjawithpharmmotunrayofilani.carrd.co/assets/images/gallery02/320754b32096.jpg]
[jinjawithpharmmotunrayofilani.carrd.co/assets/images/image102096.jpg]
[jinjawithpharmmotunrayofilani.carrd.co/assets/images/image032096.jpg]
[jinjawithpharmmotunrayofilani.carrd.co/index.html]
